// Jest Snapshot v1, https://goo.gl/fbAQLP

exports[`#Test Button Component #Should Button to mach snapshot 1`] = `
<button
  style={
    Object {
      "backgroundColor": "#5A4A69",
      "border": "none",
      "borderRadius": "2px",
      "color": "#FFFFFF",
      "cursor": "pointer",
      "fontSize": "12px",
      "fontWeight": "bold",
      "padding": "10px",
      "textAlign": "center",
      "textTransform": "uppercase",
      "width": "100%",
    }
  }
>
  Entrar
</button>
`;
